{"Type":"AWS::Cognito::UserPoolDomain","Properties":{"CustomDomainConfig":{"CertificateArn":"eyAiUmVmIjogIlB1YmxpY0NlcnRpZmljYXRlIiB9"},"Domain":"auth.oslo.systems","UserPoolId":"eyAiUmVmIjogIlVzZXJQb29sIiB9"},"DependsOn":["UserPool"]}