{"Type":"AWS::Cognito::UserPool","Properties":{"AccountRecoverySetting":{"RecoveryMechanisms":[{"Name":"admin_only"}]},"AdminCreateUserConfig":{"AllowAdminCreateUserOnly":true,"InviteMessageTemplate":{"EmailMessage":"Your username is {username} and temporary password is {####}.","EmailSubject":"Your temporary password for test (test)"},"UnusedAccountValidityDays":7},"AliasAttributes":["email"],"AutoVerifiedAttributes":["email"],"DeviceConfiguration":{"ChallengeRequiredOnNewDevice":true,"DeviceOnlyRememberedOnUserPrompt":true},"EmailConfiguration":{"EmailSendingAccount":"COGNITO_DEFAULT"},"EmailVerificationMessage":"Your verification code for test (test)","EmailVerificationSubject":"Your verification code is {####}.","EnabledMfas":["SOFTWARE_TOKEN_MFA"],"MfaConfiguration":"ON","Policies":{"PasswordPolicy":{"MinimumLength":8,"RequireLowercase":true,"RequireNumbers":true,"RequireSymbols":true,"RequireUppercase":true,"TemporaryPasswordValidityDays":7}},"Schema":[{"AttributeDataType":"String","DeveloperOnlyAttribute":true,"Name":"email","Required":true}],"UserPoolAddOns":{"AdvancedSecurityMode":"AUDIT"},"UserPoolName":"okctl-test-test-userpool","UsernameAttributes":["email"],"UsernameConfiguration":{},"VerificationMessageTemplate":{"DefaultEmailOption":"CONFIRM_WITH_LINK","EmailMessage":"Your verification code is {####}.","EmailSubject":"Your verification code for test (test)"}}}